###############################################################################
#
# IAR ELF Linker V8.30.2.160/W32 for ARM                  17/Jan/2019  19:43:58
# Copyright 2007-2018 IAR Systems AB.
#
#    Output file  =  
#        C:\Users\Recon\Resources\MicroControllers\TivaWare_C_Series-2.1.4.178\examples\boards\ek-tm4c123gxl\Milestone_3\ewarm\Exe\blinky.out
#    Map file     =  
#        C:\Users\Recon\Resources\MicroControllers\TivaWare_C_Series-2.1.4.178\examples\boards\ek-tm4c123gxl\Milestone_3\ewarm\List\blinky.map
#    Command line =  
#        -f C:\Users\Recon\AppData\Local\Temp\EW96BC.tmp
#        (C:\Users\Recon\Resources\MicroControllers\TivaWare_C_Series-2.1.4.178\examples\boards\ek-tm4c123gxl\Milestone_3\ewarm\Obj\blinky.o
#        C:\Users\Recon\Resources\MicroControllers\TivaWare_C_Series-2.1.4.178\driverlib\ewarm\Exe\driverlib.a
#        C:\Users\Recon\Resources\MicroControllers\TivaWare_C_Series-2.1.4.178\examples\boards\ek-tm4c123gxl\Milestone_3\ewarm\Obj\startup_ewarm.o
#        --redirect _Printf=_PrintfTiny --redirect _Scanf=_ScanfSmallNoMb
#        --no_out_extension -o
#        C:\Users\Recon\Resources\MicroControllers\TivaWare_C_Series-2.1.4.178\examples\boards\ek-tm4c123gxl\Milestone_3\ewarm\Exe\blinky.out
#        --map
#        C:\Users\Recon\Resources\MicroControllers\TivaWare_C_Series-2.1.4.178\examples\boards\ek-tm4c123gxl\Milestone_3\ewarm\List\blinky.map
#        --config
#        C:\Users\Recon\Resources\MicroControllers\TivaWare_C_Series-2.1.4.178\examples\boards\ek-tm4c123gxl\Milestone_3\blinky.icf
#        --semihosting --entry __iar_program_start --vfe --text_out locale)
#
###############################################################################

*******************************************************************************
*** RUNTIME MODEL ATTRIBUTES
***

CppFlavor       = *
__SystemLibrary = DLib
__dlib_version  = 6


*******************************************************************************
*** HEAP SELECTION
***

The basic heap was selected because some modules are built with
size limitations (and not runtime checking), and --advanced_heap
was not specified.


*******************************************************************************
*** PLACEMENT SUMMARY
***

"A0":  place at start of [from 0x0 to 0x3'ffff] { ro section .intvec };
"P1":  place in [from 0x0 to 0x3'ffff] { ro };
"A1":  place at start of [from 0x2000'0000 to 0x2000'7fff] { section VTABLE };
define block HEAP with size = 0M, alignment = 8 { };
"P2":  place in [from 0x2000'0000 to 0x2000'7fff] { rw, block HEAP };
do not initialize { section .noinit };
initialize by copy { rw };

  Section            Kind         Address    Size  Object
  -------            ----         -------    ----  ------
"A0":                                       0x26c
  .intvec            const            0x0   0x26c  startup_ewarm.o [1]
                                  - 0x26c   0x26c

"P1":                                      0x14f0
  .text              ro code        0x26c   0x678  blinky.o [1]
  .text              ro code        0x8e4   0x540  sysctl.o [3]
  .text              ro code        0xe24   0x3d8  gpio.o [3]
  .text              ro code       0x11fc    0x36  strlen.o [5]
  .text              ro code       0x1232    0x3a  zero_init3.o [5]
  .text              ro code       0x126c    0x90  hibernate.o [3]
  .text              ro code       0x12fc   0x178  eeprom.o [3]
  .text              ro code       0x1474    0x44  strcpy_unaligned.o [5]
  .text              ro code       0x14b8    0x42  strcmp_unaligned.o [5]
  .text              ro code       0x14fc     0x4  cpu.o [3]
  .text              ro code       0x1500    0xac  interrupt.o [3]
  .text              ro code       0x15ac    0x2c  copy_init3.o [5]
  .text              ro code       0x15d8    0x28  data_init.o [5]
  .text              ro code       0x1600    0x22  fpinit_M.o [4]
  .iar.init_table    const         0x1624    0x24  - Linker created -
  .text              ro code       0x1648    0x1e  startup_ewarm.o [1]
  .text              ro code       0x1666     0xc  cstartup_M.o [5]
  .text              ro code       0x1674    0x1e  cmain.o [5]
  .text              ro code       0x1692     0x4  low_level_init.o [2]
  .text              ro code       0x1696     0x4  exit.o [2]
  .text              ro code       0x169c     0xa  cexit.o [5]
  .text              ro code       0x16a8    0x14  exit.o [6]
  .rodata            const         0x16bc    0x10  blinky.o [1]
  .rodata            const         0x16cc    0x10  blinky.o [1]
  .rodata            const         0x16dc    0x10  blinky.o [1]
  .rodata            const         0x16ec    0x10  blinky.o [1]
  .rodata            const         0x16fc    0x10  blinky.o [1]
  .rodata            const         0x170c    0x10  blinky.o [1]
  .rodata            const         0x171c    0x10  blinky.o [1]
  .rodata            const         0x172c    0x10  blinky.o [1]
  .rodata            const         0x173c    0x10  blinky.o [1]
  .rodata            const         0x174c     0xc  blinky.o [1]
  Initializer bytes  const         0x1758     0x4  <for P2-1>
  .rodata            const         0x175c     0x0  zero_init3.o [5]
  .rodata            const         0x175c     0x0  copy_init3.o [5]
                                 - 0x175c  0x14f0

"A1":                                       0x26c
  VTABLE             uninit   0x2000'0000   0x26c  interrupt.o [3]
                            - 0x2000'026c   0x26c

"P2", part 1 of 3:                            0x4
  P2-1                        0x2000'026c     0x4  <Init block>
    .data            inited   0x2000'026c     0x4  blinky.o [1]
                            - 0x2000'0270     0x4

"P2", part 2 of 3:                          0x240
  .bss               zero     0x2000'0270   0x100  blinky.o [1]
  .bss               zero     0x2000'0370   0x100  blinky.o [1]
  .bss               zero     0x2000'0470    0x10  blinky.o [1]
  .bss               zero     0x2000'0480    0x10  blinky.o [1]
  .bss               zero     0x2000'0490     0x8  blinky.o [1]
  .bss               zero     0x2000'0498     0x8  blinky.o [1]
  .bss               zero     0x2000'04a0     0x4  blinky.o [1]
  .bss               zero     0x2000'04a4     0x4  blinky.o [1]
  .bss               zero     0x2000'04a8     0x4  blinky.o [1]
  .bss               zero     0x2000'04ac     0x4  blinky.o [1]
                            - 0x2000'04b0   0x240

"P2", part 3 of 3:                          0x200
  .noinit            uninit   0x2000'04b0   0x200  startup_ewarm.o [1]
                            - 0x2000'06b0   0x200

Unused ranges:

         From           To      Size
         ----           --      ----
       0x175c     0x3'ffff  0x3'e8a4
  0x2000'06b0  0x2000'7fff    0x7950


*******************************************************************************
*** INIT TABLE
***

          Address      Size
          -------      ----
Zero (__iar_zero_init3)
    1 destination range, total size 0x240:
          0x2000'0270  0x240

Copy (__iar_copy_init3)
    1 source range, total size 0x4:
               0x1758    0x4
    1 destination range, total size 0x4:
          0x2000'026c    0x4



*******************************************************************************
*** MODULE SUMMARY
***

    Module              ro code  ro data  rw data
    ------              -------  -------  -------
command line/config:
    ---------------------------------------------
    Total:

C:\Users\Recon\Resources\MicroControllers\TivaWare_C_Series-2.1.4.178\examples\boards\ek-tm4c123gxl\Milestone_3\ewarm\Obj: [1]
    blinky.o              1 656      160      580
    startup_ewarm.o          30      620      512
    ---------------------------------------------
    Total:                1 686      780    1 092

dl7M_tln.a: [2]
    exit.o                    4
    low_level_init.o          4
    ---------------------------------------------
    Total:                    8

driverlib.a: [3]
    cpu.o                     4
    eeprom.o                376
    gpio.o                  984
    hibernate.o             144
    interrupt.o             172               620
    sysctl.o              1 344
    ---------------------------------------------
    Total:                3 024               620

m7M_tls.a: [4]
    fpinit_M.o               34
    ---------------------------------------------
    Total:                   34

rt7M_tl.a: [5]
    cexit.o                  10
    cmain.o                  30
    copy_init3.o             44
    cstartup_M.o             12
    data_init.o              40
    strcmp_unaligned.o       66
    strcpy_unaligned.o       68
    strlen.o                 54
    zero_init3.o             58
    ---------------------------------------------
    Total:                  382

shb_l.a: [6]
    exit.o                   20
    ---------------------------------------------
    Total:                   20

    Gaps                      8        2
    Linker created                    36
-------------------------------------------------
    Grand Total:          5 162      818    1 712


*******************************************************************************
*** ENTRY LIST
***

Entry                       Address   Size  Type      Object
-----                       -------   ----  ----      ------
.iar.init_table$$Base        0x1624          --   Gb  - Linker created -
.iar.init_table$$Limit       0x1648          --   Gb  - Linker created -
?main                        0x1675         Code  Gb  cmain.o [5]
CPUwfi                       0x14fd    0x4  Code  Gb  cpu.o [3]
EEPROMInit                   0x135d   0x2a  Code  Gb  eeprom.o [3]
EEPROMProgram                0x13bf   0x96  Code  Gb  eeprom.o [3]
EEPROMRead                   0x1395   0x2a  Code  Gb  eeprom.o [3]
FaultISR                     0x1663    0x2  Code  Lc  startup_ewarm.o [1]
GPIODirModeSet                0xe65   0x28  Code  Gb  gpio.o [3]
GPIOIntClear                  0xfe1    0x8  Code  Gb  gpio.o [3]
GPIOIntEnable                 0xfdb    0x6  Code  Gb  gpio.o [3]
GPIOIntRegister               0xfe9   0x14  Code  Gb  gpio.o [3]
GPIOIntTypeSet                0xe8d   0x4c  Code  Gb  gpio.o [3]
GPIOPadConfigSet              0xed9  0x102  Code  Gb  gpio.o [3]
GPIOPinRead                  0x1005    0x8  Code  Gb  gpio.o [3]
GPIOPinTypeGPIOInput         0x1019   0x14  Code  Gb  gpio.o [3]
GPIOPinTypeGPIOOutput        0x102d    0xa  Code  Gb  gpio.o [3]
GPIOPinWrite                 0x100d    0x8  Code  Gb  gpio.o [3]
HibernateClockConfig         0x1283   0x42  Code  Gb  hibernate.o [3]
HibernateEnableExpClk        0x126d    0xc  Code  Gb  hibernate.o [3]
HibernateRTCDisable          0x12d1    0xc  Code  Gb  hibernate.o [3]
HibernateRTCEnable           0x12c5    0xc  Code  Gb  hibernate.o [3]
HibernateRTCGet              0x12dd    0x8  Code  Gb  hibernate.o [3]
IntDefaultHandler            0x1665    0x2  Code  Lc  startup_ewarm.o [1]
IntEnable                    0x1529   0x46  Code  Gb  interrupt.o [3]
IntRegister                  0x1501   0x28  Code  Gb  interrupt.o [3]
NmiSR                        0x1661    0x2  Code  Lc  startup_ewarm.o [1]
PortCIntHandler               0x5ad  0x206  Code  Gb  blinky.o [1]
Region$$Table$$Base          0x1624          --   Gb  - Linker created -
Region$$Table$$Limit         0x1648          --   Gb  - Linker created -
ResetISR                     0x1649   0x12  Code  Gb  startup_ewarm.o [1]
SysCtlClockFreqSet            0x995  0x20a  Code  Gb  sysctl.o [3]
SysCtlDelay                   0x98d    0x8  Code  Gb  sysctl.o [3]
SysCtlPeripheralEnable        0x969    0x8  Code  Gb  sysctl.o [3]
SysCtlPeripheralReady         0x905    0x8  Code  Gb  sysctl.o [3]
SysCtlPeripheralReset         0x927   0x42  Code  Gb  sysctl.o [3]
SysCtlSleep                   0x987    0x4  Code  Gb  sysctl.o [3]
_EEPROMSectorMaskClear       0x132f   0x28  Code  Lc  eeprom.o [3]
_EEPROMSectorMaskSet         0x12fd   0x32  Code  Lc  eeprom.o [3]
_GPIOIntNumberGet             0xe25   0x40  Code  Lc  gpio.o [3]
_SysCtlMemTimingGet           0x8e5   0x20  Code  Lc  sysctl.o [3]
__cmain                      0x1675         Code  Gb  cmain.o [5]
__exit                       0x16a9   0x14  Code  Gb  exit.o [6]
__iar_copy_init3             0x15ad   0x2c  Code  Gb  copy_init3.o [5]
__iar_data_init3             0x15d9   0x28  Code  Gb  data_init.o [5]
__iar_init_vfp               0x1601         Code  Gb  fpinit_M.o [4]
__iar_program_start          0x1667         Code  Gb  cstartup_M.o [5]
__iar_unaligned_strcmp       0x14b9         Code  Gb  strcmp_unaligned.o [5]
__iar_unaligned_strcpy       0x1475         Code  Gb  strcpy_unaligned.o [5]
__iar_zero_init3             0x1233   0x3a  Code  Gb  zero_init3.o [5]
__low_level_init             0x1693    0x4  Code  Gb  low_level_init.o [2]
__vector_table                  0x0  0x26c  Data  Gb  startup_ewarm.o [1]
_call_main                   0x1681         Code  Gb  cmain.o [5]
_exit                        0x169d         Code  Gb  cexit.o [5]
_main                        0x168f         Code  Gb  cmain.o [5]
address_to_del          0x2000'026c    0x4  Data  Gb  blinky.o [1]
ask_for_name                  0x7e3   0x14  Code  Gb  blinky.o [1]
ask_for_number                0x7f7   0x14  Code  Gb  blinky.o [1]
contact                 0x2000'0490    0x8  Data  Gb  blinky.o [1]
contact_names           0x2000'0270  0x100  Data  Gb  blinky.o [1]
contact_numbers         0x2000'0370  0x100  Data  Gb  blinky.o [1]
contact_read            0x2000'0498    0x8  Data  Gb  blinky.o [1]
contacts_index          0x2000'04ac    0x4  Data  Gb  blinky.o [1]
delay_ms                      0x4eb   0x1c  Code  Gb  blinky.o [1]
delay_seconds                 0x52d   0x16  Code  Gb  blinky.o [1]
delay_us                      0x4d3   0x18  Code  Gb  blinky.o [1]
eeprom_address          0x2000'04a8    0x4  Data  Gb  blinky.o [1]
eeprom_init                   0x543   0x22  Code  Gb  blinky.o [1]
enable_int                    0x589   0x22  Code  Gb  blinky.o [1]
exit                         0x1697    0x4  Code  Gb  exit.o [2]
find_contact                  0x829   0x3a  Code  Gb  blinky.o [1]
g_pfnRAMVectors         0x2000'0000  0x26c  Data  Lc  interrupt.o [3]
g_pppui32XTALtoVCO            0xc3c  0x1b0  Data  Lc  sysctl.o [3]
g_ppui32GPIOIntMapBlizzard
                             0x1064   0xc0  Data  Lc  gpio.o [3]
g_ppui32GPIOIntMapSnowflake
                             0x1124   0xd8  Data  Lc  gpio.o [3]
g_pui32EnRegs                0x1598   0x14  Data  Lc  interrupt.o [3]
g_pui32VCOFrequencies         0xe1c    0x8  Data  Lc  sysctl.o [3]
g_pui32Xtals                  0xbd0   0x6c  Data  Lc  sysctl.o [3]
g_sXTALtoMEMTIM               0xdec   0x30  Data  Lc  sysctl.o [3]
init                          0x7c3   0x20  Code  Gb  blinky.o [1]
input_index             0x2000'04a4    0x4  Data  Gb  blinky.o [1]
keypad                       0x173c   0x10  Data  Gb  blinky.o [1]
keypad_init                   0x26d   0x5a  Code  Gb  blinky.o [1]
lcd_cmd                       0x40f   0x44  Code  Gb  blinky.o [1]
lcd_data                      0x453   0x50  Code  Gb  blinky.o [1]
lcd_init                      0x39f   0x70  Code  Gb  blinky.o [1]
lcd_reset                     0x4c3   0x10  Code  Gb  blinky.o [1]
lcd_write_string              0x4a3   0x20  Code  Gb  blinky.o [1]
main                          0x565   0x24  Code  Gb  blinky.o [1]
name                    0x2000'0470   0x10  Data  Gb  blinky.o [1]
null_globals                  0x80b   0x1e  Code  Gb  blinky.o [1]
number                  0x2000'0480   0x10  Data  Gb  blinky.o [1]
pui32Stack              0x2000'04b0  0x200  Data  Lc  startup_ewarm.o [1]
read_keypad                   0x2c7   0xd8  Code  Gb  blinky.o [1]
rtc_init                      0x507   0x26  Code  Gb  blinky.o [1]
stage                   0x2000'04a0    0x4  Data  Gb  blinky.o [1]
strlen                       0x11fd         Code  Gb  strlen.o [5]
welcome_screen                0x7b3   0x10  Code  Gb  blinky.o [1]


[1] = C:\Users\Recon\Resources\MicroControllers\TivaWare_C_Series-2.1.4.178\examples\boards\ek-tm4c123gxl\Milestone_3\ewarm\Obj
[2] = dl7M_tln.a
[3] = driverlib.a
[4] = m7M_tls.a
[5] = rt7M_tl.a
[6] = shb_l.a

  5 162 bytes of readonly  code memory
    818 bytes of readonly  data memory
  1 712 bytes of readwrite data memory

Errors: none
Warnings: none
